[2025-07-06T15:08:30.414+0200][gc] Using G1
[2025-07-06T15:08:30.419+0200][gc,init] Version: 17.0.15+6-Ubuntu-0ubuntu122.04 (release)
[2025-07-06T15:08:30.419+0200][gc,init] CPUs: 8 total, 8 available
[2025-07-06T15:08:30.419+0200][gc,init] Memory: 15705M
[2025-07-06T15:08:30.419+0200][gc,init] Large Page Support: Disabled
[2025-07-06T15:08:30.419+0200][gc,init] NUMA Support: Disabled
[2025-07-06T15:08:30.419+0200][gc,init] Compressed Oops: Enabled (32-bit)
[2025-07-06T15:08:30.419+0200][gc,init] Heap Region Size: 1M
[2025-07-06T15:08:30.419+0200][gc,init] Heap Min Capacity: 1G
[2025-07-06T15:08:30.419+0200][gc,init] Heap Initial Capacity: 1G
[2025-07-06T15:08:30.419+0200][gc,init] Heap Max Capacity: 1G
[2025-07-06T15:08:30.419+0200][gc,init] Pre-touch: Disabled
[2025-07-06T15:08:30.419+0200][gc,init] Parallel Workers: 8
[2025-07-06T15:08:30.419+0200][gc,init] Concurrent Workers: 2
[2025-07-06T15:08:30.419+0200][gc,init] Concurrent Refinement Workers: 8
[2025-07-06T15:08:30.419+0200][gc,init] Periodic GC: Disabled
[2025-07-06T15:08:30.424+0200][gc,metaspace] CDS archive(s) mapped at: [0x000075985f000000-0x000075985fbc7000-0x000075985fbc7000), size 12349440, SharedBaseAddress: 0x000075985f000000, ArchiveRelocationMode: 1.
[2025-07-06T15:08:30.424+0200][gc,metaspace] Compressed class space mapped at: 0x0000759860000000-0x00007598a0000000, reserved size: 1073741824
[2025-07-06T15:08:30.424+0200][gc,metaspace] Narrow klass base: 0x000075985f000000, Narrow klass shift: 0, Narrow klass range: 0x100000000
[2025-07-06T15:08:30.949+0200][gc,start    ] GC(0) Pause Young (Normal) (G1 Evacuation Pause)
[2025-07-06T15:08:30.950+0200][gc,task     ] GC(0) Using 8 workers of 8 for evacuation
[2025-07-06T15:08:30.955+0200][gc,phases   ] GC(0)   Pre Evacuate Collection Set: 0,1ms
[2025-07-06T15:08:30.955+0200][gc,phases   ] GC(0)   Merge Heap Roots: 0,1ms
[2025-07-06T15:08:30.955+0200][gc,phases   ] GC(0)   Evacuate Collection Set: 3,9ms
[2025-07-06T15:08:30.955+0200][gc,phases   ] GC(0)   Post Evacuate Collection Set: 0,4ms
[2025-07-06T15:08:30.955+0200][gc,phases   ] GC(0)   Other: 0,9ms
[2025-07-06T15:08:30.955+0200][gc,heap     ] GC(0) Eden regions: 51->0(44)
[2025-07-06T15:08:30.955+0200][gc,heap     ] GC(0) Survivor regions: 0->7(7)
[2025-07-06T15:08:30.955+0200][gc,heap     ] GC(0) Old regions: 0->1
[2025-07-06T15:08:30.955+0200][gc,heap     ] GC(0) Archive regions: 2->2
[2025-07-06T15:08:30.955+0200][gc,heap     ] GC(0) Humongous regions: 0->0
[2025-07-06T15:08:30.955+0200][gc,metaspace] GC(0) Metaspace: 16285K(16512K)->16285K(16512K) NonClass: 14389K(14528K)->14389K(14528K) Class: 1896K(1984K)->1896K(1984K)
[2025-07-06T15:08:30.955+0200][gc          ] GC(0) Pause Young (Normal) (G1 Evacuation Pause) 51M->8M(1024M) 5,469ms
[2025-07-06T15:08:30.955+0200][gc,cpu      ] GC(0) User=0,03s Sys=0,01s Real=0,01s
[2025-07-06T15:08:31.119+0200][gc,start    ] GC(1) Pause Young (Concurrent Start) (Metadata GC Threshold)
[2025-07-06T15:08:31.119+0200][gc,task     ] GC(1) Using 8 workers of 8 for evacuation
[2025-07-06T15:08:31.124+0200][gc,phases   ] GC(1)   Pre Evacuate Collection Set: 0,2ms
[2025-07-06T15:08:31.124+0200][gc,phases   ] GC(1)   Merge Heap Roots: 0,1ms
[2025-07-06T15:08:31.124+0200][gc,phases   ] GC(1)   Evacuate Collection Set: 3,6ms
[2025-07-06T15:08:31.124+0200][gc,phases   ] GC(1)   Post Evacuate Collection Set: 0,3ms
[2025-07-06T15:08:31.124+0200][gc,phases   ] GC(1)   Other: 0,2ms
[2025-07-06T15:08:31.124+0200][gc,heap     ] GC(1) Eden regions: 17->0(49)
[2025-07-06T15:08:31.124+0200][gc,heap     ] GC(1) Survivor regions: 7->2(7)
[2025-07-06T15:08:31.124+0200][gc,heap     ] GC(1) Old regions: 1->8
[2025-07-06T15:08:31.124+0200][gc,heap     ] GC(1) Archive regions: 2->2
[2025-07-06T15:08:31.124+0200][gc,heap     ] GC(1) Humongous regions: 0->0
[2025-07-06T15:08:31.124+0200][gc,metaspace] GC(1) Metaspace: 21318K(21504K)->21318K(21504K) NonClass: 18666K(18752K)->18666K(18752K) Class: 2652K(2752K)->2652K(2752K)
[2025-07-06T15:08:31.124+0200][gc          ] GC(1) Pause Young (Concurrent Start) (Metadata GC Threshold) 25M->10M(1024M) 4,507ms
[2025-07-06T15:08:31.124+0200][gc,cpu      ] GC(1) User=0,03s Sys=0,00s Real=0,01s
[2025-07-06T15:08:31.124+0200][gc          ] GC(2) Concurrent Mark Cycle
[2025-07-06T15:08:31.124+0200][gc,marking  ] GC(2) Concurrent Clear Claimed Marks
[2025-07-06T15:08:31.124+0200][gc,marking  ] GC(2) Concurrent Clear Claimed Marks 0,027ms
[2025-07-06T15:08:31.124+0200][gc,marking  ] GC(2) Concurrent Scan Root Regions
[2025-07-06T15:08:31.126+0200][gc,marking  ] GC(2) Concurrent Scan Root Regions 2,152ms
[2025-07-06T15:08:31.126+0200][gc,marking  ] GC(2) Concurrent Mark
[2025-07-06T15:08:31.126+0200][gc,marking  ] GC(2) Concurrent Mark From Roots
[2025-07-06T15:08:31.126+0200][gc,task     ] GC(2) Using 2 workers of 2 for marking
[2025-07-06T15:08:31.128+0200][gc,marking  ] GC(2) Concurrent Mark From Roots 1,566ms
[2025-07-06T15:08:31.128+0200][gc,marking  ] GC(2) Concurrent Preclean
[2025-07-06T15:08:31.128+0200][gc,marking  ] GC(2) Concurrent Preclean 0,131ms
[2025-07-06T15:08:31.128+0200][gc,start    ] GC(2) Pause Remark
[2025-07-06T15:08:31.129+0200][gc          ] GC(2) Pause Remark 10M->10M(1024M) 1,216ms
[2025-07-06T15:08:31.129+0200][gc,cpu      ] GC(2) User=0,00s Sys=0,00s Real=0,00s
[2025-07-06T15:08:31.129+0200][gc,marking  ] GC(2) Concurrent Mark 3,113ms
[2025-07-06T15:08:31.129+0200][gc,marking  ] GC(2) Concurrent Rebuild Remembered Sets
[2025-07-06T15:08:31.131+0200][gc,marking  ] GC(2) Concurrent Rebuild Remembered Sets 1,645ms
[2025-07-06T15:08:31.131+0200][gc,start    ] GC(2) Pause Cleanup
[2025-07-06T15:08:31.131+0200][gc          ] GC(2) Pause Cleanup 10M->10M(1024M) 0,189ms
[2025-07-06T15:08:31.131+0200][gc,cpu      ] GC(2) User=0,00s Sys=0,00s Real=0,00s
[2025-07-06T15:08:31.131+0200][gc,marking  ] GC(2) Concurrent Cleanup for Next Mark
[2025-07-06T15:08:31.136+0200][gc,marking  ] GC(2) Concurrent Cleanup for Next Mark 4,635ms
[2025-07-06T15:08:31.136+0200][gc          ] GC(2) Concurrent Mark Cycle 12,142ms
[2025-07-06T15:08:31.562+0200][gc,start    ] GC(3) Pause Young (Normal) (G1 Evacuation Pause)
[2025-07-06T15:08:31.562+0200][gc,task     ] GC(3) Using 8 workers of 8 for evacuation
[2025-07-06T15:08:31.566+0200][gc,phases   ] GC(3)   Pre Evacuate Collection Set: 0,3ms
[2025-07-06T15:08:31.566+0200][gc,phases   ] GC(3)   Merge Heap Roots: 0,0ms
[2025-07-06T15:08:31.566+0200][gc,phases   ] GC(3)   Evacuate Collection Set: 3,1ms
[2025-07-06T15:08:31.566+0200][gc,phases   ] GC(3)   Post Evacuate Collection Set: 0,3ms
[2025-07-06T15:08:31.566+0200][gc,phases   ] GC(3)   Other: 0,1ms
[2025-07-06T15:08:31.566+0200][gc,heap     ] GC(3) Eden regions: 49->0(45)
[2025-07-06T15:08:31.566+0200][gc,heap     ] GC(3) Survivor regions: 2->6(7)
[2025-07-06T15:08:31.566+0200][gc,heap     ] GC(3) Old regions: 8->8
[2025-07-06T15:08:31.566+0200][gc,heap     ] GC(3) Archive regions: 2->2
[2025-07-06T15:08:31.566+0200][gc,heap     ] GC(3) Humongous regions: 9->9
[2025-07-06T15:08:31.566+0200][gc,metaspace] GC(3) Metaspace: 33417K(33792K)->33417K(33792K) NonClass: 29461K(29632K)->29461K(29632K) Class: 3955K(4160K)->3955K(4160K)
[2025-07-06T15:08:31.566+0200][gc          ] GC(3) Pause Young (Normal) (G1 Evacuation Pause) 68M->23M(1024M) 3,831ms
[2025-07-06T15:08:31.566+0200][gc,cpu      ] GC(3) User=0,03s Sys=0,00s Real=0,01s
[2025-07-06T15:08:31.629+0200][gc,start    ] GC(4) Pause Young (Concurrent Start) (Metadata GC Threshold)
[2025-07-06T15:08:31.629+0200][gc,task     ] GC(4) Using 8 workers of 8 for evacuation
[2025-07-06T15:08:31.633+0200][gc,phases   ] GC(4)   Pre Evacuate Collection Set: 0,1ms
[2025-07-06T15:08:31.633+0200][gc,phases   ] GC(4)   Merge Heap Roots: 0,0ms
[2025-07-06T15:08:31.633+0200][gc,phases   ] GC(4)   Evacuate Collection Set: 3,5ms
[2025-07-06T15:08:31.633+0200][gc,phases   ] GC(4)   Post Evacuate Collection Set: 0,2ms
[2025-07-06T15:08:31.633+0200][gc,phases   ] GC(4)   Other: 0,1ms
[2025-07-06T15:08:31.633+0200][gc,heap     ] GC(4) Eden regions: 12->0(49)
[2025-07-06T15:08:31.633+0200][gc,heap     ] GC(4) Survivor regions: 6->2(7)
[2025-07-06T15:08:31.633+0200][gc,heap     ] GC(4) Old regions: 8->14
[2025-07-06T15:08:31.633+0200][gc,heap     ] GC(4) Archive regions: 2->2
[2025-07-06T15:08:31.633+0200][gc,heap     ] GC(4) Humongous regions: 9->9
[2025-07-06T15:08:31.633+0200][gc,metaspace] GC(4) Metaspace: 35700K(36096K)->35700K(36096K) NonClass: 31484K(31680K)->31484K(31680K) Class: 4215K(4416K)->4215K(4416K)
[2025-07-06T15:08:31.633+0200][gc          ] GC(4) Pause Young (Concurrent Start) (Metadata GC Threshold) 35M->24M(1024M) 4,094ms
[2025-07-06T15:08:31.633+0200][gc,cpu      ] GC(4) User=0,02s Sys=0,00s Real=0,00s
[2025-07-06T15:08:31.633+0200][gc          ] GC(5) Concurrent Mark Cycle
[2025-07-06T15:08:31.633+0200][gc,marking  ] GC(5) Concurrent Clear Claimed Marks
[2025-07-06T15:08:31.634+0200][gc,marking  ] GC(5) Concurrent Clear Claimed Marks 0,032ms
[2025-07-06T15:08:31.634+0200][gc,marking  ] GC(5) Concurrent Scan Root Regions
[2025-07-06T15:08:31.636+0200][gc,marking  ] GC(5) Concurrent Scan Root Regions 2,225ms
[2025-07-06T15:08:31.636+0200][gc,marking  ] GC(5) Concurrent Mark
[2025-07-06T15:08:31.636+0200][gc,marking  ] GC(5) Concurrent Mark From Roots
[2025-07-06T15:08:31.636+0200][gc,task     ] GC(5) Using 2 workers of 2 for marking
[2025-07-06T15:08:31.640+0200][gc,marking  ] GC(5) Concurrent Mark From Roots 4,698ms
[2025-07-06T15:08:31.641+0200][gc,marking  ] GC(5) Concurrent Preclean
[2025-07-06T15:08:31.641+0200][gc,marking  ] GC(5) Concurrent Preclean 0,076ms
[2025-07-06T15:08:31.641+0200][gc,start    ] GC(5) Pause Remark
[2025-07-06T15:08:31.642+0200][gc          ] GC(5) Pause Remark 26M->26M(1024M) 1,061ms
[2025-07-06T15:08:31.642+0200][gc,cpu      ] GC(5) User=0,00s Sys=0,00s Real=0,00s
[2025-07-06T15:08:31.643+0200][gc,marking  ] GC(5) Concurrent Mark 7,171ms
[2025-07-06T15:08:31.643+0200][gc,marking  ] GC(5) Concurrent Rebuild Remembered Sets
[2025-07-06T15:08:31.648+0200][gc,marking  ] GC(5) Concurrent Rebuild Remembered Sets 4,843ms
[2025-07-06T15:08:31.648+0200][gc,start    ] GC(5) Pause Cleanup
[2025-07-06T15:08:31.648+0200][gc          ] GC(5) Pause Cleanup 27M->27M(1024M) 0,117ms
[2025-07-06T15:08:31.648+0200][gc,cpu      ] GC(5) User=0,00s Sys=0,00s Real=0,00s
[2025-07-06T15:08:31.648+0200][gc,marking  ] GC(5) Concurrent Cleanup for Next Mark
[2025-07-06T15:08:31.652+0200][gc,marking  ] GC(5) Concurrent Cleanup for Next Mark 3,629ms
[2025-07-06T15:08:31.652+0200][gc          ] GC(5) Concurrent Mark Cycle 18,310ms
[2025-07-06T15:09:01.879+0200][gc,start    ] GC(6) Pause Young (Normal) (G1 Evacuation Pause)
[2025-07-06T15:09:01.879+0200][gc,task     ] GC(6) Using 8 workers of 8 for evacuation
[2025-07-06T15:09:01.899+0200][gc,phases   ] GC(6)   Pre Evacuate Collection Set: 1,3ms
[2025-07-06T15:09:01.899+0200][gc,phases   ] GC(6)   Merge Heap Roots: 3,7ms
[2025-07-06T15:09:01.899+0200][gc,phases   ] GC(6)   Evacuate Collection Set: 14,2ms
[2025-07-06T15:09:01.899+0200][gc,phases   ] GC(6)   Post Evacuate Collection Set: 0,6ms
[2025-07-06T15:09:01.899+0200][gc,phases   ] GC(6)   Other: 0,2ms
[2025-07-06T15:09:01.899+0200][gc,heap     ] GC(6) Eden regions: 49->0(44)
[2025-07-06T15:09:01.899+0200][gc,heap     ] GC(6) Survivor regions: 2->7(7)
[2025-07-06T15:09:01.899+0200][gc,heap     ] GC(6) Old regions: 14->15
[2025-07-06T15:09:01.899+0200][gc,heap     ] GC(6) Archive regions: 2->2
[2025-07-06T15:09:01.899+0200][gc,heap     ] GC(6) Humongous regions: 138->138
[2025-07-06T15:09:01.899+0200][gc,metaspace] GC(6) Metaspace: 43420K(44288K)->43420K(44288K) NonClass: 38183K(38656K)->38183K(38656K) Class: 5237K(5632K)->5237K(5632K)
[2025-07-06T15:09:01.899+0200][gc          ] GC(6) Pause Young (Normal) (G1 Evacuation Pause) 202M->160M(1024M) 20,119ms
[2025-07-06T15:09:01.899+0200][gc,cpu      ] GC(6) User=0,03s Sys=0,00s Real=0,02s
[2025-07-06T15:14:46.051+0200][gc,start    ] GC(7) Pause Young (Normal) (G1 Evacuation Pause)
[2025-07-06T15:14:46.051+0200][gc,task     ] GC(7) Using 8 workers of 8 for evacuation
[2025-07-06T15:14:46.059+0200][gc,phases   ] GC(7)   Pre Evacuate Collection Set: 0,2ms
[2025-07-06T15:14:46.059+0200][gc,phases   ] GC(7)   Merge Heap Roots: 0,1ms
[2025-07-06T15:14:46.059+0200][gc,phases   ] GC(7)   Evacuate Collection Set: 7,2ms
[2025-07-06T15:14:46.059+0200][gc,phases   ] GC(7)   Post Evacuate Collection Set: 0,5ms
[2025-07-06T15:14:46.059+0200][gc,phases   ] GC(7)   Other: 0,1ms
[2025-07-06T15:14:46.059+0200][gc,heap     ] GC(7) Eden regions: 44->0(49)
[2025-07-06T15:14:46.059+0200][gc,heap     ] GC(7) Survivor regions: 7->2(7)
[2025-07-06T15:14:46.059+0200][gc,heap     ] GC(7) Old regions: 15->23
[2025-07-06T15:14:46.059+0200][gc,heap     ] GC(7) Archive regions: 2->2
[2025-07-06T15:14:46.059+0200][gc,heap     ] GC(7) Humongous regions: 138->138
[2025-07-06T15:14:46.059+0200][gc,metaspace] GC(7) Metaspace: 45743K(46528K)->45743K(46528K) NonClass: 40373K(40768K)->40373K(40768K) Class: 5370K(5760K)->5370K(5760K)
[2025-07-06T15:14:46.059+0200][gc          ] GC(7) Pause Young (Normal) (G1 Evacuation Pause) 204M->162M(1024M) 8,219ms
[2025-07-06T15:14:46.059+0200][gc,cpu      ] GC(7) User=0,04s Sys=0,01s Real=0,01s
[2025-07-06T15:17:26.414+0200][gc,start    ] GC(8) Pause Young (Normal) (G1 Evacuation Pause)
[2025-07-06T15:17:26.414+0200][gc,task     ] GC(8) Using 8 workers of 8 for evacuation
[2025-07-06T15:17:26.423+0200][gc,phases   ] GC(8)   Pre Evacuate Collection Set: 0,4ms
[2025-07-06T15:17:26.423+0200][gc,phases   ] GC(8)   Merge Heap Roots: 0,1ms
[2025-07-06T15:17:26.423+0200][gc,phases   ] GC(8)   Evacuate Collection Set: 7,1ms
[2025-07-06T15:17:26.423+0200][gc,phases   ] GC(8)   Post Evacuate Collection Set: 0,9ms
[2025-07-06T15:17:26.423+0200][gc,phases   ] GC(8)   Other: 0,3ms
[2025-07-06T15:17:26.423+0200][gc,heap     ] GC(8) Eden regions: 49->0(47)
[2025-07-06T15:17:26.423+0200][gc,heap     ] GC(8) Survivor regions: 2->4(7)
[2025-07-06T15:17:26.423+0200][gc,heap     ] GC(8) Old regions: 23->23
[2025-07-06T15:17:26.423+0200][gc,heap     ] GC(8) Archive regions: 2->2
[2025-07-06T15:17:26.423+0200][gc,heap     ] GC(8) Humongous regions: 142->142
[2025-07-06T15:17:26.423+0200][gc,metaspace] GC(8) Metaspace: 48466K(49280K)->48466K(49280K) NonClass: 42792K(43200K)->42792K(43200K) Class: 5673K(6080K)->5673K(6080K)
[2025-07-06T15:17:26.423+0200][gc          ] GC(8) Pause Young (Normal) (G1 Evacuation Pause) 215M->168M(1024M) 9,027ms
[2025-07-06T15:17:26.423+0200][gc,cpu      ] GC(8) User=0,04s Sys=0,00s Real=0,00s
[2025-07-06T15:20:07.551+0200][gc,start    ] GC(9) Pause Young (Normal) (G1 Evacuation Pause)
[2025-07-06T15:20:07.551+0200][gc,task     ] GC(9) Using 8 workers of 8 for evacuation
[2025-07-06T15:20:07.556+0200][gc,phases   ] GC(9)   Pre Evacuate Collection Set: 0,2ms
[2025-07-06T15:20:07.556+0200][gc,phases   ] GC(9)   Merge Heap Roots: 0,1ms
[2025-07-06T15:20:07.556+0200][gc,phases   ] GC(9)   Evacuate Collection Set: 3,8ms
[2025-07-06T15:20:07.556+0200][gc,phases   ] GC(9)   Post Evacuate Collection Set: 0,5ms
[2025-07-06T15:20:07.556+0200][gc,phases   ] GC(9)   Other: 0,2ms
[2025-07-06T15:20:07.556+0200][gc,heap     ] GC(9) Eden regions: 47->0(48)
[2025-07-06T15:20:07.556+0200][gc,heap     ] GC(9) Survivor regions: 4->4(7)
[2025-07-06T15:20:07.556+0200][gc,heap     ] GC(9) Old regions: 23->24
[2025-07-06T15:20:07.556+0200][gc,heap     ] GC(9) Archive regions: 2->2
[2025-07-06T15:20:07.556+0200][gc,heap     ] GC(9) Humongous regions: 142->142
[2025-07-06T15:20:07.556+0200][gc,metaspace] GC(9) Metaspace: 48809K(49664K)->48809K(49664K) NonClass: 43131K(43584K)->43131K(43584K) Class: 5678K(6080K)->5678K(6080K)
[2025-07-06T15:20:07.556+0200][gc          ] GC(9) Pause Young (Normal) (G1 Evacuation Pause) 215M->169M(1024M) 4,864ms
[2025-07-06T15:20:07.556+0200][gc,cpu      ] GC(9) User=0,03s Sys=0,00s Real=0,01s
[2025-07-06T15:22:57.169+0200][gc,start    ] GC(10) Pause Young (Normal) (G1 Evacuation Pause)
[2025-07-06T15:22:57.169+0200][gc,task     ] GC(10) Using 8 workers of 8 for evacuation
[2025-07-06T15:22:57.174+0200][gc,phases   ] GC(10)   Pre Evacuate Collection Set: 0,2ms
[2025-07-06T15:22:57.174+0200][gc,phases   ] GC(10)   Merge Heap Roots: 0,1ms
[2025-07-06T15:22:57.174+0200][gc,phases   ] GC(10)   Evacuate Collection Set: 4,2ms
[2025-07-06T15:22:57.174+0200][gc,phases   ] GC(10)   Post Evacuate Collection Set: 0,4ms
[2025-07-06T15:22:57.174+0200][gc,phases   ] GC(10)   Other: 0,2ms
[2025-07-06T15:22:57.174+0200][gc,heap     ] GC(10) Eden regions: 48->0(74)
[2025-07-06T15:22:57.174+0200][gc,heap     ] GC(10) Survivor regions: 4->4(7)
[2025-07-06T15:22:57.174+0200][gc,heap     ] GC(10) Old regions: 24->24
[2025-07-06T15:22:57.174+0200][gc,heap     ] GC(10) Archive regions: 2->2
[2025-07-06T15:22:57.174+0200][gc,heap     ] GC(10) Humongous regions: 142->142
[2025-07-06T15:22:57.174+0200][gc,metaspace] GC(10) Metaspace: 48862K(49728K)->48862K(49728K) NonClass: 43183K(43648K)->43183K(43648K) Class: 5678K(6080K)->5678K(6080K)
[2025-07-06T15:22:57.174+0200][gc          ] GC(10) Pause Young (Normal) (G1 Evacuation Pause) 217M->170M(1024M) 5,130ms
[2025-07-06T15:22:57.174+0200][gc,cpu      ] GC(10) User=0,02s Sys=0,00s Real=0,01s
[2025-07-06T15:27:26.343+0200][gc,start    ] GC(11) Pause Young (Normal) (G1 Evacuation Pause)
[2025-07-06T15:27:26.343+0200][gc,task     ] GC(11) Using 8 workers of 8 for evacuation
[2025-07-06T15:27:26.352+0200][gc,phases   ] GC(11)   Pre Evacuate Collection Set: 0,3ms
[2025-07-06T15:27:26.352+0200][gc,phases   ] GC(11)   Merge Heap Roots: 0,2ms
[2025-07-06T15:27:26.352+0200][gc,phases   ] GC(11)   Evacuate Collection Set: 7,3ms
[2025-07-06T15:27:26.352+0200][gc,phases   ] GC(11)   Post Evacuate Collection Set: 0,8ms
[2025-07-06T15:27:26.352+0200][gc,phases   ] GC(11)   Other: 0,3ms
[2025-07-06T15:27:26.352+0200][gc,heap     ] GC(11) Eden regions: 74->0(200)
[2025-07-06T15:27:26.352+0200][gc,heap     ] GC(11) Survivor regions: 4->5(10)
[2025-07-06T15:27:26.352+0200][gc,heap     ] GC(11) Old regions: 24->24
[2025-07-06T15:27:26.352+0200][gc,heap     ] GC(11) Archive regions: 2->2
[2025-07-06T15:27:26.352+0200][gc,heap     ] GC(11) Humongous regions: 142->142
[2025-07-06T15:27:26.352+0200][gc,metaspace] GC(11) Metaspace: 49054K(49920K)->49054K(49920K) NonClass: 43367K(43840K)->43367K(43840K) Class: 5687K(6080K)->5687K(6080K)
[2025-07-06T15:27:26.352+0200][gc          ] GC(11) Pause Young (Normal) (G1 Evacuation Pause) 244M->171M(1024M) 9,057ms
[2025-07-06T15:27:26.352+0200][gc,cpu      ] GC(11) User=0,04s Sys=0,00s Real=0,01s
[2025-07-06T15:36:47.402+0200][gc,heap,exit] Heap
[2025-07-06T15:36:47.402+0200][gc,heap,exit]  garbage-first heap   total 1048576K, used 347377K [0x00000000c0000000, 0x0000000100000000)
[2025-07-06T15:36:47.402+0200][gc,heap,exit]   region size 1024K, 174 young (178176K), 5 survivors (5120K)
[2025-07-06T15:36:47.402+0200][gc,heap,exit]  Metaspace       used 50409K, committed 51392K, reserved 1114112K
[2025-07-06T15:36:47.402+0200][gc,heap,exit]   class space    used 5937K, committed 6400K, reserved 1048576K
